
> frontend@0.0.0 build
> vite build

[36mvite v8.0.3 [32mbuilding client environment for production...[36m[39m
[2K
transforming...Γ£ô 2192 modules transformed.
node.exe : 
[33m[lightningcss minify] 
Unknown at rule: @tailwind
At C:\Program 
Files\nodejs\npm.ps1:29 
char:3
+   & $NODE_EXE $NPM_CLI_JS 
$args
+   ~~~~~~~~~~~~~~~~~~~~~~~~
~~~~~
    + CategoryInfo          
    : NotSpecified: ([33m  
  [lightning...rule: @tai   
 lwind:String) [], Remot    
eException
    + FullyQualifiedErrorId 
    : NativeCommandError
 
1  |  @tailwind base;
   |           ^
2  |  @tailwind components;
3  |  @tailwind 
utilities;[39m
[33m[lightningcss minify] 
Unknown at rule: @tailwind
1  |  @tailwind base;
2  |  @tailwind components;
   |           ^
3  |  @tailwind utilities;
4  |  [39m
[33m[lightningcss minify] 
Unknown at rule: @tailwind
1  |  @tailwind base;
2  |  @tailwind components;
3  |  @tailwind utilities;
   |           ^
4  |  
5  |  @layer base {[39m
[33m[lightningcss minify] 
Unknown at rule: @apply
5  |  @layer base {
6  |    body {
7  |      @apply bg-light 
text-dark font-sans;
   |            ^
8  |    }
9  |  }[39m
[33m[lightningcss minify] 
Unknown at rule: @apply
11 |  @layer components {
12 |    .btn-primary {
13 |      @apply bg-primary 
text-white px-4 py-2 
rounded shadow 
hover:bg-blue-800 
transition duration-300;
   |            ^
14 |    }
15 |  }[39m
rendering chunks...
[31mΓ£ù[39m Build failed 
in 894ms
[31merror during build:
[31mBuild failed with 1 
error:

[31m[MISSING_EXPORT] 
Error:[0m "Tool" is not 
exported by "node_modules/lu
cide-react/dist/esm/lucide-r
eact.js".
   [38;5;246mΓò¡[0m[38;5;
246mΓöÇ[0m[38;5;246m[[0m 
src/pages/Home.jsx:3:27 
[38;5;246m][0m
   [38;5;246mΓöé[0m
 [38;5;246m3 Γöé[0m [38;5
;249mi[0m[38;5;249mm[0m[
38;5;249mp[0m[38;5;249mo[
0m[38;5;249mr[0m[38;5;249
mt[0m[38;5;249m [0m[38;5
;249m{[0m[38;5;249m [0m[
38;5;249mA[0m[38;5;249mr[
0m[38;5;249mr[0m[38;5;249
mo[0m[38;5;249mw[0m[38;5
;249mR[0m[38;5;249mi[0m[
38;5;249mg[0m[38;5;249mh[
0m[38;5;249mt[0m[38;5;249
m,[0m[38;5;249m [0m[38;5
;249mC[0m[38;5;249mp[0m[
38;5;249mu[0m[38;5;249m,[
0m[38;5;249m [0mTool[38;5
;249m,[0m[38;5;249m [0m[
38;5;249mC[0m[38;5;249ma[
0m[38;5;249mb[0m[38;5;249
ml[0m[38;5;249me[0m[38;5
;249m [0m[38;5;249m}[0m[
38;5;249m [0m[38;5;249mf[
0m[38;5;249mr[0m[38;5;249
mo[0m[38;5;249mm[0m[38;5
;249m [0m[38;5;249m"[0m[
38;5;249ml[0m[38;5;249mu[
0m[38;5;249mc[0m[38;5;249
mi[0m[38;5;249md[0m[38;5
;249me[0m[38;5;249m-[0m[
38;5;249mr[0m[38;5;249me[
0m[38;5;249ma[0m[38;5;249
mc[0m[38;5;249mt[0m[38;5
;249m"[0m[38;5;249m;[0m
 [38;5;240m  Γöé[0m       
                    
ΓöÇΓöÇΓö¼ΓöÇ  
 [38;5;240m  Γöé[0m       
                      
Γò░ΓöÇΓöÇΓöÇ Missing export
[38;5;246mΓöÇΓöÇΓöÇΓò»[0m
[31m
    at aggregateBindingError
sIntoJsError (file:///D:/Pad
mavati_Enterprises/frontend/
node_modules/rolldown/dist/s
hared/error-BLhcSyeg.mjs:48:
18)
    at unwrapBindingResult (
file:///D:/Padmavati_Enterpr
ises/frontend/node_modules/r
olldown/dist/shared/error-BL
hcSyeg.mjs:18:128)
    at #build (file:///D:/Pa
dmavati_Enterprises/frontend
/node_modules/rolldown/dist/
shared/rolldown-build-CPrIX9
V6.mjs:3313:34)
    at async 
buildEnvironment (file:///D:
/Padmavati_Enterprises/front
end/node_modules/vite/dist/n
ode/chunks/node.js:32849:64)
    at async Object.build (f
ile:///D:/Padmavati_Enterpri
ses/frontend/node_modules/vi
te/dist/node/chunks/node.js:
33271:19)
    at async 
Object.buildApp (file:///D:/
Padmavati_Enterprises/fronte
nd/node_modules/vite/dist/no
de/chunks/node.js:33268:153)
    at async 
CAC.<anonymous> (file:///D:/
Padmavati_Enterprises/fronte
nd/node_modules/vite/dist/no
de/cli.js:778:3) {
  errors: [Getter/Setter]
}[39m
